** PROMETHEUS INSTALLION >>>>>>>> IN UBUNTU
##1  To create a system user or system account, run the following command:

$ sudo useradd \
      --system \
      --no-create-home \
      --shell /bin/false prometheus
      
##2 You can use the curl or wget command to download Prometheus:
$ wget https://github.com/prometheus/prometheus/releases/download/v2.32.1/prometheus-2.32.1.linux-amd64.tar.gz
$ tar -xvf prometheus-2.32.1.linux-amd64.tar.gz
$ sudo mkdir -p /data /etc/prometheus
$ cd prometheus-2.32.1.linux-amd64
$ sudo mv prometheus promtool /usr/local/bin/
$ sudo mv consoles/ console_libraries/ /etc/prometheus/
$ sudo mv prometheus.yml /etc/prometheus/prometheus.yml
$ sudo chown -R prometheus:prometheus /etc/prometheus/ /data/

$ prometheus --version


##3 We're going to use systemd, which is a system and service manager for Linux operating systems. For that, we need to create a systemd unit configuration file.

 $ sudo vim /etc/systemd/system/prometheus.service
   ..............................................................   
     [Unit]
     Description=Prometheus
     Wants=network-online.target
     After=network-online.target

     StartLimitIntervalSec=500
     StartLimitBurst=5

     [Service]
     User=prometheus
     Group=prometheus
     Type=simple
     Restart=on-failure
     RestartSec=5s
     ExecStart=/usr/local/bin/prometheus \
      --config.file=/etc/prometheus/prometheus.yml \
      --storage.tsdb.path=/data \
      --web.console.templates=/etc/prometheus/consoles \
      --web.console.libraries=/etc/prometheus/console_libraries \
      --web.listen-address=[0.0.0.0]:9090 \     $ give instances ip example >>10.867352:9090
      --web.enable-lifecycle

     [Install]
     WantedBy=multi-user.target
     ............................................................................
     
    ##4 To automatically start the Prometheus after reboot, run enable.

        $ sudo systemctl enable prometheusThen just start the Prometheus.

        $ sudo systemctl start prometheus 
        
        $ sudo systemctl status prometheus

       
     ##5 Suppose you encounter any issues with Prometheus or are unable to start it. The easiest way to find the problem is to use the journalctl command and search for errors.

        $ journalctl -u prometheus -f --no-pager
        
       < Now we can try to access it via browser. I'm going to be using the IP address of the Ubuntu server. You need to append port 9090 to the IP. For example http://<ip>:9090
       
       
       
       
       //////////////////////////////////////////////////////////////////////////////////////////////////////////////////////////////////////////////////////////
       
           ** GRAFANA INSTALLION>>>>>>>>>>>>>>>>>IN UBUNTU  :
        
       . Install Grafana

           Update the system packages.

           $ sudo apt update

          Install required system packages.

         $ sudo apt-get install -y gnupg2 curl software-properties-common

         Add Grafana GPG key.

         $ curl https://packages.grafana.com/gpg.key | sudo apt-key add -

         Install the Grafana repository.

         $ sudo add-apt-repository "deb https://packages.grafana.com/oss/deb stable main"

         Update the system packages.

         $ sudo apt update

        Install Grafana

        $ sudo apt -y install grafana

        Start Grafana service.

        $ sudo systemctl start grafana-server

        Enable Grafana service to start on system boot.

        $ sudo systemctl enable grafana-server

Check the service status.

$ sudo systemctl status grafana-server

By default, Grafana is accessible on port 3000. To use Grafana on port 80, you can run a reverse proxy to forward all traffic on port 3000 to port 80. To do this, you can follow the instructions in the next step. Otherwise, use port 3000 to access the Grafana web interface.
2. Install and Configure Nginx Reverse Proxy (Optional)

 Install Nginx.

$ sudo apt install nginx -y

Start Nginx service.

$ sudo systemctl start nginx

Enable Nginx service to start on system boot.

$ sudo systemctl enable nginx

Check Nginx service status.

$ sudo systemctl status nginx

Unlink the default configuration file.

$ sudo unlink /etc/nginx/sites-enabled/default

Create a new configuration file.

$ sudo nano /etc/nginx/sites-available/grafana.conf

>>Add the following code in the new file, save and close the file<<<

server {

    listen 80;

    location / {

        proxy_pass http://localhost:3000;

    }

}

 Link and activate the new configuration file.

$ sudo ln -s /etc/nginx/sites-available/grafana.conf /etc/nginx/sites-enabled/grafana.conf

Test the configuration file.

$ sudo service nginx configtest

Restart Nginx service.

$ sudo systemctl restart nginx

3. Access Grafana Dashboard

To access the Grafana Web Interface without reverse proxy, go to your browser and visit http://Server_IP:3000/. For example:

web >>>>>>>>>>>>>>>>>>>>>.http://192.0.2.10:3000/


////////////////////////////////////////////////////////////////////////////////////////////////////////////////////////////////////////
